{"at":"2026-09-27T09:12:01+09:00","moduleKey":"brute-force","alertId":"bf-01","action":"block","reason":"rapid_source_login_failures"}
{"at":"2026-09-27T09:12:40+09:00","moduleKey":"brute-force","alertId":"bf-02","action":"block","reason":"cross_account_password_spray"}
{"at":"2026-09-27T09:14:02+09:00","moduleKey":"brute-force","alertId":"bf-03","action":"block","reason":"rapid_source_login_failures"}
{"at":"2026-09-27T09:20:11+09:00","moduleKey":"brute-force","alertId":"bf-04","action":"block","reason":"rapid_source_login_failures"}
{"at":"2026-09-27T09:21:00+09:00","moduleKey":"brute-force","alertId":"bf-05","action":"block","reason":"regular_multi_account_failures"}
{"at":"2026-09-27T11:02:15+09:00","moduleKey":"brute-force","alertId":"bf-06","action":"block","reason":"rapid_source_login_failures"}
{"at":"2026-09-27T11:05:40+09:00","moduleKey":"brute-force","alertId":"bf-07","action":"block","reason":"iterative_password_guessing"}
{"at":"2026-09-27T13:10:02+09:00","moduleKey":"brute-force","alertId":"bf-08","action":"block","reason":"sustained_failed_login_streak"}
{"at":"2026-09-27T14:22:18+09:00","moduleKey":"brute-force","alertId":"bf-09","action":"block","reason":"cross_account_password_spray"}
{"at":"2026-09-27T15:40:01+09:00","moduleKey":"brute-force","alertId":"bf-10","action":"block","reason":"sustained_failed_login_streak"}
{"at":"2026-09-27T09:30:12+09:00","moduleKey":"brute-force","alertId":"bf-11","action":"alert","reason":"review_login_failures"}
{"at":"2026-09-27T09:41:05+09:00","moduleKey":"brute-force","alertId":"bf-12","action":"alert","reason":"review_login_failures"}
{"at":"2026-09-27T10:02:20+09:00","moduleKey":"brute-force","alertId":"bf-13","action":"alert","reason":"review_login_failures"}
{"at":"2026-09-27T10:15:08+09:00","moduleKey":"brute-force","alertId":"bf-14","action":"alert","reason":"review_login_failures"}
{"at":"2026-09-27T10:28:44+09:00","moduleKey":"brute-force","alertId":"bf-15","action":"alert","reason":"review_login_failures"}
{"at":"2026-09-27T11:18:03+09:00","moduleKey":"brute-force","alertId":"bf-16","action":"alert","reason":"review_login_failures"}
{"at":"2026-09-27T13:02:16+09:00","moduleKey":"brute-force","alertId":"bf-17","action":"alert","reason":"review_login_failures"}
{"at":"2026-09-27T14:05:27+09:00","moduleKey":"brute-force","alertId":"bf-18","action":"alert","reason":"review_login_failures"}
{"at":"2026-09-27T15:12:09+09:00","moduleKey":"brute-force","alertId":"bf-19","action":"alert","reason":"review_login_failures"}
{"at":"2026-09-27T10:15:08+09:00","moduleKey":"brute-force","alertId":"bf-14","action":"block","reason":"short_window_same_account_failures"}
{"at":"2026-09-27T14:05:27+09:00","moduleKey":"brute-force","alertId":"bf-18","action":"block","reason":"repeated_same_source_failures"}
